StartedFeature(Feature { keyword: "Feature", name: "Outline", description: None, background: Some(Background { keyword: "Background", steps: [Step { keyword: "Given", ty: Given, value: "foo is 0", docstring: None, table: None, span: Span { start: 36, end: 50 }, position: LineCol { line: 4, col: 5 } }], span: Span { start: 20, end: 54 }, position: LineCol { line: 3, col: 3 } }), scenarios: [Scenario { keyword: "Scenario Outline", name: "foo", steps: [Step { keyword: "Given", ty: Given, value: "foo is 1", docstring: None, table: None, span: Span { start: 80, end: 99 }, position: LineCol { line: 7, col: 5 } }, Step { keyword: "When", ty: When, value: "foo is 2", docstring: None, table: None, span: Span { start: 104, end: 122 }, position: LineCol { line: 8, col: 5 } }, Step { keyword: "Then", ty: Then, value: "foo is 3", docstring: None, table: None, span: Span { start: 127, end: 145 }, position: LineCol { line: 9, col: 5 } }], examples: Some(Examples { keyword: "Examples", table: Table { rows: [["bar1", "bar2", "bar3"], ["1", "2", "3"]], span: Span { start: 167, end: 219 }, position: LineCol { line: 12, col: 7 } }, tags: [], span: Span { start: 151, end: 219 }, position: LineCol { line: 11, col: 5 } }), tags: [], span: Span { start: 54, end: 219 }, position: LineCol { line: 12, col: 5 } }], rules: [], tags: [], span: Span { start: 0, end: 219 }, position: LineCol { line: 1, col: 1 }, path: Some("/Users/work/Work/cucumber-fork/tests/features/output/background_scenario_outline.feature") }, Started)
Feature(Feature { keyword: "Feature", name: "Outline", description: None, background: Some(Background { keyword: "Background", steps: [Step { keyword: "Given", ty: Given, value: "foo is 0", docstring: None, table: None, span: Span { start: 36, end: 50 }, position: LineCol { line: 4, col: 5 } }], span: Span { start: 20, end: 54 }, position: LineCol { line: 3, col: 3 } }), scenarios: [Scenario { keyword: "Scenario Outline", name: "foo", steps: [Step { keyword: "Given", ty: Given, value: "foo is 1", docstring: None, table: None, span: Span { start: 80, end: 99 }, position: LineCol { line: 7, col: 5 } }, Step { keyword: "When", ty: When, value: "foo is 2", docstring: None, table: None, span: Span { start: 104, end: 122 }, position: LineCol { line: 8, col: 5 } }, Step { keyword: "Then", ty: Then, value: "foo is 3", docstring: None, table: None, span: Span { start: 127, end: 145 }, position: LineCol { line: 9, col: 5 } }], examples: Some(Examples { keyword: "Examples", table: Table { rows: [["bar1", "bar2", "bar3"], ["1", "2", "3"]], span: Span { start: 167, end: 219 }, position: LineCol { line: 12, col: 7 } }, tags: [], span: Span { start: 151, end: 219 }, position: LineCol { line: 11, col: 5 } }), tags: [], span: Span { start: 54, end: 219 }, position: LineCol { line: 12, col: 5 } }], rules: [], tags: [], span: Span { start: 0, end: 219 }, position: LineCol { line: 1, col: 1 }, path: Some("/Users/work/Work/cucumber-fork/tests/features/output/background_scenario_outline.feature") }, Scenario(Scenario { keyword: "Scenario Outline", name: "foo", steps: [Step { keyword: "Given", ty: Given, value: "foo is 1", docstring: None, table: None, span: Span { start: 80, end: 99 }, position: LineCol { line: 7, col: 5 } }, Step { keyword: "When", ty: When, value: "foo is 2", docstring: None, table: None, span: Span { start: 104, end: 122 }, position: LineCol { line: 8, col: 5 } }, Step { keyword: "Then", ty: Then, value: "foo is 3", docstring: None, table: None, span: Span { start: 127, end: 145 }, position: LineCol { line: 9, col: 5 } }], examples: Some(Examples { keyword: "Examples", table: Table { rows: [["bar1", "bar2", "bar3"], ["1", "2", "3"]], span: Span { start: 167, end: 219 }, position: LineCol { line: 12, col: 7 } }, tags: [], span: Span { start: 151, end: 219 }, position: LineCol { line: 11, col: 5 } }), tags: [], span: Span { start: 54, end: 219 }, position: LineCol { line: 12, col: 5 } }, Started))
Feature(Feature { keyword: "Feature", name: "Outline", description: None, background: Some(Background { keyword: "Background", steps: [Step { keyword: "Given", ty: Given, value: "foo is 0", docstring: None, table: None, span: Span { start: 36, end: 50 }, position: LineCol { line: 4, col: 5 } }], span: Span { start: 20, end: 54 }, position: LineCol { line: 3, col: 3 } }), scenarios: [Scenario { keyword: "Scenario Outline", name: "foo", steps: [Step { keyword: "Given", ty: Given, value: "foo is 1", docstring: None, table: None, span: Span { start: 80, end: 99 }, position: LineCol { line: 7, col: 5 } }, Step { keyword: "When", ty: When, value: "foo is 2", docstring: None, table: None, span: Span { start: 104, end: 122 }, position: LineCol { line: 8, col: 5 } }, Step { keyword: "Then", ty: Then, value: "foo is 3", docstring: None, table: None, span: Span { start: 127, end: 145 }, position: LineCol { line: 9, col: 5 } }], examples: Some(Examples { keyword: "Examples", table: Table { rows: [["bar1", "bar2", "bar3"], ["1", "2", "3"]], span: Span { start: 167, end: 219 }, position: LineCol { line: 12, col: 7 } }, tags: [], span: Span { start: 151, end: 219 }, position: LineCol { line: 11, col: 5 } }), tags: [], span: Span { start: 54, end: 219 }, position: LineCol { line: 12, col: 5 } }], rules: [], tags: [], span: Span { start: 0, end: 219 }, position: LineCol { line: 1, col: 1 }, path: Some("/Users/work/Work/cucumber-fork/tests/features/output/background_scenario_outline.feature") }, Scenario(Scenario { keyword: "Scenario Outline", name: "foo", steps: [Step { keyword: "Given", ty: Given, value: "foo is 1", docstring: None, table: None, span: Span { start: 80, end: 99 }, position: LineCol { line: 7, col: 5 } }, Step { keyword: "When", ty: When, value: "foo is 2", docstring: None, table: None, span: Span { start: 104, end: 122 }, position: LineCol { line: 8, col: 5 } }, Step { keyword: "Then", ty: Then, value: "foo is 3", docstring: None, table: None, span: Span { start: 127, end: 145 }, position: LineCol { line: 9, col: 5 } }], examples: Some(Examples { keyword: "Examples", table: Table { rows: [["bar1", "bar2", "bar3"], ["1", "2", "3"]], span: Span { start: 167, end: 219 }, position: LineCol { line: 12, col: 7 } }, tags: [], span: Span { start: 151, end: 219 }, position: LineCol { line: 11, col: 5 } }), tags: [], span: Span { start: 54, end: 219 }, position: LineCol { line: 12, col: 5 } }, Background(Step { keyword: "Given", ty: Given, value: "foo is 0", docstring: None, table: None, span: Span { start: 36, end: 50 }, position: LineCol { line: 4, col: 5 } }, Started)))
Feature(Feature { keyword: "Feature", name: "Outline", description: None, background: Some(Background { keyword: "Background", steps: [Step { keyword: "Given", ty: Given, value: "foo is 0", docstring: None, table: None, span: Span { start: 36, end: 50 }, position: LineCol { line: 4, col: 5 } }], span: Span { start: 20, end: 54 }, position: LineCol { line: 3, col: 3 } }), scenarios: [Scenario { keyword: "Scenario Outline", name: "foo", steps: [Step { keyword: "Given", ty: Given, value: "foo is 1", docstring: None, table: None, span: Span { start: 80, end: 99 }, position: LineCol { line: 7, col: 5 } }, Step { keyword: "When", ty: When, value: "foo is 2", docstring: None, table: None, span: Span { start: 104, end: 122 }, position: LineCol { line: 8, col: 5 } }, Step { keyword: "Then", ty: Then, value: "foo is 3", docstring: None, table: None, span: Span { start: 127, end: 145 }, position: LineCol { line: 9, col: 5 } }], examples: Some(Examples { keyword: "Examples", table: Table { rows: [["bar1", "bar2", "bar3"], ["1", "2", "3"]], span: Span { start: 167, end: 219 }, position: LineCol { line: 12, col: 7 } }, tags: [], span: Span { start: 151, end: 219 }, position: LineCol { line: 11, col: 5 } }), tags: [], span: Span { start: 54, end: 219 }, position: LineCol { line: 12, col: 5 } }], rules: [], tags: [], span: Span { start: 0, end: 219 }, position: LineCol { line: 1, col: 1 }, path: Some("/Users/work/Work/cucumber-fork/tests/features/output/background_scenario_outline.feature") }, Scenario(Scenario { keyword: "Scenario Outline", name: "foo", steps: [Step { keyword: "Given", ty: Given, value: "foo is 1", docstring: None, table: None, span: Span { start: 80, end: 99 }, position: LineCol { line: 7, col: 5 } }, Step { keyword: "When", ty: When, value: "foo is 2", docstring: None, table: None, span: Span { start: 104, end: 122 }, position: LineCol { line: 8, col: 5 } }, Step { keyword: "Then", ty: Then, value: "foo is 3", docstring: None, table: None, span: Span { start: 127, end: 145 }, position: LineCol { line: 9, col: 5 } }], examples: Some(Examples { keyword: "Examples", table: Table { rows: [["bar1", "bar2", "bar3"], ["1", "2", "3"]], span: Span { start: 167, end: 219 }, position: LineCol { line: 12, col: 7 } }, tags: [], span: Span { start: 151, end: 219 }, position: LineCol { line: 11, col: 5 } }), tags: [], span: Span { start: 54, end: 219 }, position: LineCol { line: 12, col: 5 } }, Background(Step { keyword: "Given", ty: Given, value: "foo is 0", docstring: None, table: None, span: Span { start: 36, end: 50 }, position: LineCol { line: 4, col: 5 } }, Passed)))
Feature(Feature { keyword: "Feature", name: "Outline", description: None, background: Some(Background { keyword: "Background", steps: [Step { keyword: "Given", ty: Given, value: "foo is 0", docstring: None, table: None, span: Span { start: 36, end: 50 }, position: LineCol { line: 4, col: 5 } }], span: Span { start: 20, end: 54 }, position: LineCol { line: 3, col: 3 } }), scenarios: [Scenario { keyword: "Scenario Outline", name: "foo", steps: [Step { keyword: "Given", ty: Given, value: "foo is 1", docstring: None, table: None, span: Span { start: 80, end: 99 }, position: LineCol { line: 7, col: 5 } }, Step { keyword: "When", ty: When, value: "foo is 2", docstring: None, table: None, span: Span { start: 104, end: 122 }, position: LineCol { line: 8, col: 5 } }, Step { keyword: "Then", ty: Then, value: "foo is 3", docstring: None, table: None, span: Span { start: 127, end: 145 }, position: LineCol { line: 9, col: 5 } }], examples: Some(Examples { keyword: "Examples", table: Table { rows: [["bar1", "bar2", "bar3"], ["1", "2", "3"]], span: Span { start: 167, end: 219 }, position: LineCol { line: 12, col: 7 } }, tags: [], span: Span { start: 151, end: 219 }, position: LineCol { line: 11, col: 5 } }), tags: [], span: Span { start: 54, end: 219 }, position: LineCol { line: 12, col: 5 } }], rules: [], tags: [], span: Span { start: 0, end: 219 }, position: LineCol { line: 1, col: 1 }, path: Some("/Users/work/Work/cucumber-fork/tests/features/output/background_scenario_outline.feature") }, Scenario(Scenario { keyword: "Scenario Outline", name: "foo", steps: [Step { keyword: "Given", ty: Given, value: "foo is 1", docstring: None, table: None, span: Span { start: 80, end: 99 }, position: LineCol { line: 7, col: 5 } }, Step { keyword: "When", ty: When, value: "foo is 2", docstring: None, table: None, span: Span { start: 104, end: 122 }, position: LineCol { line: 8, col: 5 } }, Step { keyword: "Then", ty: Then, value: "foo is 3", docstring: None, table: None, span: Span { start: 127, end: 145 }, position: LineCol { line: 9, col: 5 } }], examples: Some(Examples { keyword: "Examples", table: Table { rows: [["bar1", "bar2", "bar3"], ["1", "2", "3"]], span: Span { start: 167, end: 219 }, position: LineCol { line: 12, col: 7 } }, tags: [], span: Span { start: 151, end: 219 }, position: LineCol { line: 11, col: 5 } }), tags: [], span: Span { start: 54, end: 219 }, position: LineCol { line: 12, col: 5 } }, Step(Step { keyword: "Given", ty: Given, value: "foo is 1", docstring: None, table: None, span: Span { start: 80, end: 99 }, position: LineCol { line: 7, col: 5 } }, Started)))
Feature(Feature { keyword: "Feature", name: "Outline", description: None, background: Some(Background { keyword: "Background", steps: [Step { keyword: "Given", ty: Given, value: "foo is 0", docstring: None, table: None, span: Span { start: 36, end: 50 }, position: LineCol { line: 4, col: 5 } }], span: Span { start: 20, end: 54 }, position: LineCol { line: 3, col: 3 } }), scenarios: [Scenario { keyword: "Scenario Outline", name: "foo", steps: [Step { keyword: "Given", ty: Given, value: "foo is 1", docstring: None, table: None, span: Span { start: 80, end: 99 }, position: LineCol { line: 7, col: 5 } }, Step { keyword: "When", ty: When, value: "foo is 2", docstring: None, table: None, span: Span { start: 104, end: 122 }, position: LineCol { line: 8, col: 5 } }, Step { keyword: "Then", ty: Then, value: "foo is 3", docstring: None, table: None, span: Span { start: 127, end: 145 }, position: LineCol { line: 9, col: 5 } }], examples: Some(Examples { keyword: "Examples", table: Table { rows: [["bar1", "bar2", "bar3"], ["1", "2", "3"]], span: Span { start: 167, end: 219 }, position: LineCol { line: 12, col: 7 } }, tags: [], span: Span { start: 151, end: 219 }, position: LineCol { line: 11, col: 5 } }), tags: [], span: Span { start: 54, end: 219 }, position: LineCol { line: 12, col: 5 } }], rules: [], tags: [], span: Span { start: 0, end: 219 }, position: LineCol { line: 1, col: 1 }, path: Some("/Users/work/Work/cucumber-fork/tests/features/output/background_scenario_outline.feature") }, Scenario(Scenario { keyword: "Scenario Outline", name: "foo", steps: [Step { keyword: "Given", ty: Given, value: "foo is 1", docstring: None, table: None, span: Span { start: 80, end: 99 }, position: LineCol { line: 7, col: 5 } }, Step { keyword: "When", ty: When, value: "foo is 2", docstring: None, table: None, span: Span { start: 104, end: 122 }, position: LineCol { line: 8, col: 5 } }, Step { keyword: "Then", ty: Then, value: "foo is 3", docstring: None, table: None, span: Span { start: 127, end: 145 }, position: LineCol { line: 9, col: 5 } }], examples: Some(Examples { keyword: "Examples", table: Table { rows: [["bar1", "bar2", "bar3"], ["1", "2", "3"]], span: Span { start: 167, end: 219 }, position: LineCol { line: 12, col: 7 } }, tags: [], span: Span { start: 151, end: 219 }, position: LineCol { line: 11, col: 5 } }), tags: [], span: Span { start: 54, end: 219 }, position: LineCol { line: 12, col: 5 } }, Step(Step { keyword: "Given", ty: Given, value: "foo is 1", docstring: None, table: None, span: Span { start: 80, end: 99 }, position: LineCol { line: 7, col: 5 } }, Passed)))
Feature(Feature { keyword: "Feature", name: "Outline", description: None, background: Some(Background { keyword: "Background", steps: [Step { keyword: "Given", ty: Given, value: "foo is 0", docstring: None, table: None, span: Span { start: 36, end: 50 }, position: LineCol { line: 4, col: 5 } }], span: Span { start: 20, end: 54 }, position: LineCol { line: 3, col: 3 } }), scenarios: [Scenario { keyword: "Scenario Outline", name: "foo", steps: [Step { keyword: "Given", ty: Given, value: "foo is 1", docstring: None, table: None, span: Span { start: 80, end: 99 }, position: LineCol { line: 7, col: 5 } }, Step { keyword: "When", ty: When, value: "foo is 2", docstring: None, table: None, span: Span { start: 104, end: 122 }, position: LineCol { line: 8, col: 5 } }, Step { keyword: "Then", ty: Then, value: "foo is 3", docstring: None, table: None, span: Span { start: 127, end: 145 }, position: LineCol { line: 9, col: 5 } }], examples: Some(Examples { keyword: "Examples", table: Table { rows: [["bar1", "bar2", "bar3"], ["1", "2", "3"]], span: Span { start: 167, end: 219 }, position: LineCol { line: 12, col: 7 } }, tags: [], span: Span { start: 151, end: 219 }, position: LineCol { line: 11, col: 5 } }), tags: [], span: Span { start: 54, end: 219 }, position: LineCol { line: 12, col: 5 } }], rules: [], tags: [], span: Span { start: 0, end: 219 }, position: LineCol { line: 1, col: 1 }, path: Some("/Users/work/Work/cucumber-fork/tests/features/output/background_scenario_outline.feature") }, Scenario(Scenario { keyword: "Scenario Outline", name: "foo", steps: [Step { keyword: "Given", ty: Given, value: "foo is 1", docstring: None, table: None, span: Span { start: 80, end: 99 }, position: LineCol { line: 7, col: 5 } }, Step { keyword: "When", ty: When, value: "foo is 2", docstring: None, table: None, span: Span { start: 104, end: 122 }, position: LineCol { line: 8, col: 5 } }, Step { keyword: "Then", ty: Then, value: "foo is 3", docstring: None, table: None, span: Span { start: 127, end: 145 }, position: LineCol { line: 9, col: 5 } }], examples: Some(Examples { keyword: "Examples", table: Table { rows: [["bar1", "bar2", "bar3"], ["1", "2", "3"]], span: Span { start: 167, end: 219 }, position: LineCol { line: 12, col: 7 } }, tags: [], span: Span { start: 151, end: 219 }, position: LineCol { line: 11, col: 5 } }), tags: [], span: Span { start: 54, end: 219 }, position: LineCol { line: 12, col: 5 } }, Step(Step { keyword: "When", ty: When, value: "foo is 2", docstring: None, table: None, span: Span { start: 104, end: 122 }, position: LineCol { line: 8, col: 5 } }, Started)))
Feature(Feature { keyword: "Feature", name: "Outline", description: None, background: Some(Background { keyword: "Background", steps: [Step { keyword: "Given", ty: Given, value: "foo is 0", docstring: None, table: None, span: Span { start: 36, end: 50 }, position: LineCol { line: 4, col: 5 } }], span: Span { start: 20, end: 54 }, position: LineCol { line: 3, col: 3 } }), scenarios: [Scenario { keyword: "Scenario Outline", name: "foo", steps: [Step { keyword: "Given", ty: Given, value: "foo is 1", docstring: None, table: None, span: Span { start: 80, end: 99 }, position: LineCol { line: 7, col: 5 } }, Step { keyword: "When", ty: When, value: "foo is 2", docstring: None, table: None, span: Span { start: 104, end: 122 }, position: LineCol { line: 8, col: 5 } }, Step { keyword: "Then", ty: Then, value: "foo is 3", docstring: None, table: None, span: Span { start: 127, end: 145 }, position: LineCol { line: 9, col: 5 } }], examples: Some(Examples { keyword: "Examples", table: Table { rows: [["bar1", "bar2", "bar3"], ["1", "2", "3"]], span: Span { start: 167, end: 219 }, position: LineCol { line: 12, col: 7 } }, tags: [], span: Span { start: 151, end: 219 }, position: LineCol { line: 11, col: 5 } }), tags: [], span: Span { start: 54, end: 219 }, position: LineCol { line: 12, col: 5 } }], rules: [], tags: [], span: Span { start: 0, end: 219 }, position: LineCol { line: 1, col: 1 }, path: Some("/Users/work/Work/cucumber-fork/tests/features/output/background_scenario_outline.feature") }, Scenario(Scenario { keyword: "Scenario Outline", name: "foo", steps: [Step { keyword: "Given", ty: Given, value: "foo is 1", docstring: None, table: None, span: Span { start: 80, end: 99 }, position: LineCol { line: 7, col: 5 } }, Step { keyword: "When", ty: When, value: "foo is 2", docstring: None, table: None, span: Span { start: 104, end: 122 }, position: LineCol { line: 8, col: 5 } }, Step { keyword: "Then", ty: Then, value: "foo is 3", docstring: None, table: None, span: Span { start: 127, end: 145 }, position: LineCol { line: 9, col: 5 } }], examples: Some(Examples { keyword: "Examples", table: Table { rows: [["bar1", "bar2", "bar3"], ["1", "2", "3"]], span: Span { start: 167, end: 219 }, position: LineCol { line: 12, col: 7 } }, tags: [], span: Span { start: 151, end: 219 }, position: LineCol { line: 11, col: 5 } }), tags: [], span: Span { start: 54, end: 219 }, position: LineCol { line: 12, col: 5 } }, Step(Step { keyword: "When", ty: When, value: "foo is 2", docstring: None, table: None, span: Span { start: 104, end: 122 }, position: LineCol { line: 8, col: 5 } }, Passed)))
Feature(Feature { keyword: "Feature", name: "Outline", description: None, background: Some(Background { keyword: "Background", steps: [Step { keyword: "Given", ty: Given, value: "foo is 0", docstring: None, table: None, span: Span { start: 36, end: 50 }, position: LineCol { line: 4, col: 5 } }], span: Span { start: 20, end: 54 }, position: LineCol { line: 3, col: 3 } }), scenarios: [Scenario { keyword: "Scenario Outline", name: "foo", steps: [Step { keyword: "Given", ty: Given, value: "foo is 1", docstring: None, table: None, span: Span { start: 80, end: 99 }, position: LineCol { line: 7, col: 5 } }, Step { keyword: "When", ty: When, value: "foo is 2", docstring: None, table: None, span: Span { start: 104, end: 122 }, position: LineCol { line: 8, col: 5 } }, Step { keyword: "Then", ty: Then, value: "foo is 3", docstring: None, table: None, span: Span { start: 127, end: 145 }, position: LineCol { line: 9, col: 5 } }], examples: Some(Examples { keyword: "Examples", table: Table { rows: [["bar1", "bar2", "bar3"], ["1", "2", "3"]], span: Span { start: 167, end: 219 }, position: LineCol { line: 12, col: 7 } }, tags: [], span: Span { start: 151, end: 219 }, position: LineCol { line: 11, col: 5 } }), tags: [], span: Span { start: 54, end: 219 }, position: LineCol { line: 12, col: 5 } }], rules: [], tags: [], span: Span { start: 0, end: 219 }, position: LineCol { line: 1, col: 1 }, path: Some("/Users/work/Work/cucumber-fork/tests/features/output/background_scenario_outline.feature") }, Scenario(Scenario { keyword: "Scenario Outline", name: "foo", steps: [Step { keyword: "Given", ty: Given, value: "foo is 1", docstring: None, table: None, span: Span { start: 80, end: 99 }, position: LineCol { line: 7, col: 5 } }, Step { keyword: "When", ty: When, value: "foo is 2", docstring: None, table: None, span: Span { start: 104, end: 122 }, position: LineCol { line: 8, col: 5 } }, Step { keyword: "Then", ty: Then, value: "foo is 3", docstring: None, table: None, span: Span { start: 127, end: 145 }, position: LineCol { line: 9, col: 5 } }], examples: Some(Examples { keyword: "Examples", table: Table { rows: [["bar1", "bar2", "bar3"], ["1", "2", "3"]], span: Span { start: 167, end: 219 }, position: LineCol { line: 12, col: 7 } }, tags: [], span: Span { start: 151, end: 219 }, position: LineCol { line: 11, col: 5 } }), tags: [], span: Span { start: 54, end: 219 }, position: LineCol { line: 12, col: 5 } }, Step(Step { keyword: "Then", ty: Then, value: "foo is 3", docstring: None, table: None, span: Span { start: 127, end: 145 }, position: LineCol { line: 9, col: 5 } }, Started)))
Feature(Feature { keyword: "Feature", name: "Outline", description: None, background: Some(Background { keyword: "Background", steps: [Step { keyword: "Given", ty: Given, value: "foo is 0", docstring: None, table: None, span: Span { start: 36, end: 50 }, position: LineCol { line: 4, col: 5 } }], span: Span { start: 20, end: 54 }, position: LineCol { line: 3, col: 3 } }), scenarios: [Scenario { keyword: "Scenario Outline", name: "foo", steps: [Step { keyword: "Given", ty: Given, value: "foo is 1", docstring: None, table: None, span: Span { start: 80, end: 99 }, position: LineCol { line: 7, col: 5 } }, Step { keyword: "When", ty: When, value: "foo is 2", docstring: None, table: None, span: Span { start: 104, end: 122 }, position: LineCol { line: 8, col: 5 } }, Step { keyword: "Then", ty: Then, value: "foo is 3", docstring: None, table: None, span: Span { start: 127, end: 145 }, position: LineCol { line: 9, col: 5 } }], examples: Some(Examples { keyword: "Examples", table: Table { rows: [["bar1", "bar2", "bar3"], ["1", "2", "3"]], span: Span { start: 167, end: 219 }, position: LineCol { line: 12, col: 7 } }, tags: [], span: Span { start: 151, end: 219 }, position: LineCol { line: 11, col: 5 } }), tags: [], span: Span { start: 54, end: 219 }, position: LineCol { line: 12, col: 5 } }], rules: [], tags: [], span: Span { start: 0, end: 219 }, position: LineCol { line: 1, col: 1 }, path: Some("/Users/work/Work/cucumber-fork/tests/features/output/background_scenario_outline.feature") }, Scenario(Scenario { keyword: "Scenario Outline", name: "foo", steps: [Step { keyword: "Given", ty: Given, value: "foo is 1", docstring: None, table: None, span: Span { start: 80, end: 99 }, position: LineCol { line: 7, col: 5 } }, Step { keyword: "When", ty: When, value: "foo is 2", docstring: None, table: None, span: Span { start: 104, end: 122 }, position: LineCol { line: 8, col: 5 } }, Step { keyword: "Then", ty: Then, value: "foo is 3", docstring: None, table: None, span: Span { start: 127, end: 145 }, position: LineCol { line: 9, col: 5 } }], examples: Some(Examples { keyword: "Examples", table: Table { rows: [["bar1", "bar2", "bar3"], ["1", "2", "3"]], span: Span { start: 167, end: 219 }, position: LineCol { line: 12, col: 7 } }, tags: [], span: Span { start: 151, end: 219 }, position: LineCol { line: 11, col: 5 } }), tags: [], span: Span { start: 54, end: 219 }, position: LineCol { line: 12, col: 5 } }, Step(Step { keyword: "Then", ty: Then, value: "foo is 3", docstring: None, table: None, span: Span { start: 127, end: 145 }, position: LineCol { line: 9, col: 5 } }, Passed)))
Feature(Feature { keyword: "Feature", name: "Outline", description: None, background: Some(Background { keyword: "Background", steps: [Step { keyword: "Given", ty: Given, value: "foo is 0", docstring: None, table: None, span: Span { start: 36, end: 50 }, position: LineCol { line: 4, col: 5 } }], span: Span { start: 20, end: 54 }, position: LineCol { line: 3, col: 3 } }), scenarios: [Scenario { keyword: "Scenario Outline", name: "foo", steps: [Step { keyword: "Given", ty: Given, value: "foo is 1", docstring: None, table: None, span: Span { start: 80, end: 99 }, position: LineCol { line: 7, col: 5 } }, Step { keyword: "When", ty: When, value: "foo is 2", docstring: None, table: None, span: Span { start: 104, end: 122 }, position: LineCol { line: 8, col: 5 } }, Step { keyword: "Then", ty: Then, value: "foo is 3", docstring: None, table: None, span: Span { start: 127, end: 145 }, position: LineCol { line: 9, col: 5 } }], examples: Some(Examples { keyword: "Examples", table: Table { rows: [["bar1", "bar2", "bar3"], ["1", "2", "3"]], span: Span { start: 167, end: 219 }, position: LineCol { line: 12, col: 7 } }, tags: [], span: Span { start: 151, end: 219 }, position: LineCol { line: 11, col: 5 } }), tags: [], span: Span { start: 54, end: 219 }, position: LineCol { line: 12, col: 5 } }], rules: [], tags: [], span: Span { start: 0, end: 219 }, position: LineCol { line: 1, col: 1 }, path: Some("/Users/work/Work/cucumber-fork/tests/features/output/background_scenario_outline.feature") }, Scenario(Scenario { keyword: "Scenario Outline", name: "foo", steps: [Step { keyword: "Given", ty: Given, value: "foo is 1", docstring: None, table: None, span: Span { start: 80, end: 99 }, position: LineCol { line: 7, col: 5 } }, Step { keyword: "When", ty: When, value: "foo is 2", docstring: None, table: None, span: Span { start: 104, end: 122 }, position: LineCol { line: 8, col: 5 } }, Step { keyword: "Then", ty: Then, value: "foo is 3", docstring: None, table: None, span: Span { start: 127, end: 145 }, position: LineCol { line: 9, col: 5 } }], examples: Some(Examples { keyword: "Examples", table: Table { rows: [["bar1", "bar2", "bar3"], ["1", "2", "3"]], span: Span { start: 167, end: 219 }, position: LineCol { line: 12, col: 7 } }, tags: [], span: Span { start: 151, end: 219 }, position: LineCol { line: 11, col: 5 } }), tags: [], span: Span { start: 54, end: 219 }, position: LineCol { line: 12, col: 5 } }, Finished))
Feature(Feature { keyword: "Feature", name: "Outline", description: None, background: Some(Background { keyword: "Background", steps: [Step { keyword: "Given", ty: Given, value: "foo is 0", docstring: None, table: None, span: Span { start: 36, end: 50 }, position: LineCol { line: 4, col: 5 } }], span: Span { start: 20, end: 54 }, position: LineCol { line: 3, col: 3 } }), scenarios: [Scenario { keyword: "Scenario Outline", name: "foo", steps: [Step { keyword: "Given", ty: Given, value: "foo is 1", docstring: None, table: None, span: Span { start: 80, end: 99 }, position: LineCol { line: 7, col: 5 } }, Step { keyword: "When", ty: When, value: "foo is 2", docstring: None, table: None, span: Span { start: 104, end: 122 }, position: LineCol { line: 8, col: 5 } }, Step { keyword: "Then", ty: Then, value: "foo is 3", docstring: None, table: None, span: Span { start: 127, end: 145 }, position: LineCol { line: 9, col: 5 } }], examples: Some(Examples { keyword: "Examples", table: Table { rows: [["bar1", "bar2", "bar3"], ["1", "2", "3"]], span: Span { start: 167, end: 219 }, position: LineCol { line: 12, col: 7 } }, tags: [], span: Span { start: 151, end: 219 }, position: LineCol { line: 11, col: 5 } }), tags: [], span: Span { start: 54, end: 219 }, position: LineCol { line: 12, col: 5 } }], rules: [], tags: [], span: Span { start: 0, end: 219 }, position: LineCol { line: 1, col: 1 }, path: Some("/Users/work/Work/cucumber-fork/tests/features/output/background_scenario_outline.feature") }, Finished)
Finished
