StartedFeature(Feature { keyword: "Feature", name: "output", description: None, background: Some(Background { keyword: "Background", steps: [Step { keyword: "Given", ty: Given, value: "foo is 0", docstring: None, table: None, span: Span { start: 35, end: 49 }, position: LineCol { line: 4, col: 5 } }], span: Span { start: 19, end: 55 }, position: LineCol { line: 3, col: 3 } }), scenarios: [Scenario { keyword: "Scenario", name: "output", steps: [Step { keyword: "Given", ty: Given, value: "foo is 1", docstring: None, table: None, span: Span { start: 78, end: 92 }, position: LineCol { line: 7, col: 7 } }, Step { keyword: "When", ty: When, value: "foo is 2", docstring: None, table: None, span: Span { start: 99, end: 112 }, position: LineCol { line: 8, col: 7 } }, Step { keyword: "Then", ty: Then, value: "foo is 3", docstring: None, table: None, span: Span { start: 119, end: 132 }, position: LineCol { line: 9, col: 7 } }], examples: None, tags: [], span: Span { start: 55, end: 133 }, position: LineCol { line: 6, col: 5 } }], rules: [], tags: [], span: Span { start: 0, end: 133 }, position: LineCol { line: 1, col: 1 }, path: Some("/Users/work/Work/cucumber-fork/tests/features/output/background_scenario.feature") }, Started)
Feature(Feature { keyword: "Feature", name: "output", description: None, background: Some(Background { keyword: "Background", steps: [Step { keyword: "Given", ty: Given, value: "foo is 0", docstring: None, table: None, span: Span { start: 35, end: 49 }, position: LineCol { line: 4, col: 5 } }], span: Span { start: 19, end: 55 }, position: LineCol { line: 3, col: 3 } }), scenarios: [Scenario { keyword: "Scenario", name: "output", steps: [Step { keyword: "Given", ty: Given, value: "foo is 1", docstring: None, table: None, span: Span { start: 78, end: 92 }, position: LineCol { line: 7, col: 7 } }, Step { keyword: "When", ty: When, value: "foo is 2", docstring: None, table: None, span: Span { start: 99, end: 112 }, position: LineCol { line: 8, col: 7 } }, Step { keyword: "Then", ty: Then, value: "foo is 3", docstring: None, table: None, span: Span { start: 119, end: 132 }, position: LineCol { line: 9, col: 7 } }], examples: None, tags: [], span: Span { start: 55, end: 133 }, position: LineCol { line: 6, col: 5 } }], rules: [], tags: [], span: Span { start: 0, end: 133 }, position: LineCol { line: 1, col: 1 }, path: Some("/Users/work/Work/cucumber-fork/tests/features/output/background_scenario.feature") }, Scenario(Scenario { keyword: "Scenario", name: "output", steps: [Step { keyword: "Given", ty: Given, value: "foo is 1", docstring: None, table: None, span: Span { start: 78, end: 92 }, position: LineCol { line: 7, col: 7 } }, Step { keyword: "When", ty: When, value: "foo is 2", docstring: None, table: None, span: Span { start: 99, end: 112 }, position: LineCol { line: 8, col: 7 } }, Step { keyword: "Then", ty: Then, value: "foo is 3", docstring: None, table: None, span: Span { start: 119, end: 132 }, position: LineCol { line: 9, col: 7 } }], examples: None, tags: [], span: Span { start: 55, end: 133 }, position: LineCol { line: 6, col: 5 } }, Started))
Feature(Feature { keyword: "Feature", name: "output", description: None, background: Some(Background { keyword: "Background", steps: [Step { keyword: "Given", ty: Given, value: "foo is 0", docstring: None, table: None, span: Span { start: 35, end: 49 }, position: LineCol { line: 4, col: 5 } }], span: Span { start: 19, end: 55 }, position: LineCol { line: 3, col: 3 } }), scenarios: [Scenario { keyword: "Scenario", name: "output", steps: [Step { keyword: "Given", ty: Given, value: "foo is 1", docstring: None, table: None, span: Span { start: 78, end: 92 }, position: LineCol { line: 7, col: 7 } }, Step { keyword: "When", ty: When, value: "foo is 2", docstring: None, table: None, span: Span { start: 99, end: 112 }, position: LineCol { line: 8, col: 7 } }, Step { keyword: "Then", ty: Then, value: "foo is 3", docstring: None, table: None, span: Span { start: 119, end: 132 }, position: LineCol { line: 9, col: 7 } }], examples: None, tags: [], span: Span { start: 55, end: 133 }, position: LineCol { line: 6, col: 5 } }], rules: [], tags: [], span: Span { start: 0, end: 133 }, position: LineCol { line: 1, col: 1 }, path: Some("/Users/work/Work/cucumber-fork/tests/features/output/background_scenario.feature") }, Scenario(Scenario { keyword: "Scenario", name: "output", steps: [Step { keyword: "Given", ty: Given, value: "foo is 1", docstring: None, table: None, span: Span { start: 78, end: 92 }, position: LineCol { line: 7, col: 7 } }, Step { keyword: "When", ty: When, value: "foo is 2", docstring: None, table: None, span: Span { start: 99, end: 112 }, position: LineCol { line: 8, col: 7 } }, Step { keyword: "Then", ty: Then, value: "foo is 3", docstring: None, table: None, span: Span { start: 119, end: 132 }, position: LineCol { line: 9, col: 7 } }], examples: None, tags: [], span: Span { start: 55, end: 133 }, position: LineCol { line: 6, col: 5 } }, Background(Step { keyword: "Given", ty: Given, value: "foo is 0", docstring: None, table: None, span: Span { start: 35, end: 49 }, position: LineCol { line: 4, col: 5 } }, Started)))
Feature(Feature { keyword: "Feature", name: "output", description: None, background: Some(Background { keyword: "Background", steps: [Step { keyword: "Given", ty: Given, value: "foo is 0", docstring: None, table: None, span: Span { start: 35, end: 49 }, position: LineCol { line: 4, col: 5 } }], span: Span { start: 19, end: 55 }, position: LineCol { line: 3, col: 3 } }), scenarios: [Scenario { keyword: "Scenario", name: "output", steps: [Step { keyword: "Given", ty: Given, value: "foo is 1", docstring: None, table: None, span: Span { start: 78, end: 92 }, position: LineCol { line: 7, col: 7 } }, Step { keyword: "When", ty: When, value: "foo is 2", docstring: None, table: None, span: Span { start: 99, end: 112 }, position: LineCol { line: 8, col: 7 } }, Step { keyword: "Then", ty: Then, value: "foo is 3", docstring: None, table: None, span: Span { start: 119, end: 132 }, position: LineCol { line: 9, col: 7 } }], examples: None, tags: [], span: Span { start: 55, end: 133 }, position: LineCol { line: 6, col: 5 } }], rules: [], tags: [], span: Span { start: 0, end: 133 }, position: LineCol { line: 1, col: 1 }, path: Some("/Users/work/Work/cucumber-fork/tests/features/output/background_scenario.feature") }, Scenario(Scenario { keyword: "Scenario", name: "output", steps: [Step { keyword: "Given", ty: Given, value: "foo is 1", docstring: None, table: None, span: Span { start: 78, end: 92 }, position: LineCol { line: 7, col: 7 } }, Step { keyword: "When", ty: When, value: "foo is 2", docstring: None, table: None, span: Span { start: 99, end: 112 }, position: LineCol { line: 8, col: 7 } }, Step { keyword: "Then", ty: Then, value: "foo is 3", docstring: None, table: None, span: Span { start: 119, end: 132 }, position: LineCol { line: 9, col: 7 } }], examples: None, tags: [], span: Span { start: 55, end: 133 }, position: LineCol { line: 6, col: 5 } }, Background(Step { keyword: "Given", ty: Given, value: "foo is 0", docstring: None, table: None, span: Span { start: 35, end: 49 }, position: LineCol { line: 4, col: 5 } }, Passed)))
Feature(Feature { keyword: "Feature", name: "output", description: None, background: Some(Background { keyword: "Background", steps: [Step { keyword: "Given", ty: Given, value: "foo is 0", docstring: None, table: None, span: Span { start: 35, end: 49 }, position: LineCol { line: 4, col: 5 } }], span: Span { start: 19, end: 55 }, position: LineCol { line: 3, col: 3 } }), scenarios: [Scenario { keyword: "Scenario", name: "output", steps: [Step { keyword: "Given", ty: Given, value: "foo is 1", docstring: None, table: None, span: Span { start: 78, end: 92 }, position: LineCol { line: 7, col: 7 } }, Step { keyword: "When", ty: When, value: "foo is 2", docstring: None, table: None, span: Span { start: 99, end: 112 }, position: LineCol { line: 8, col: 7 } }, Step { keyword: "Then", ty: Then, value: "foo is 3", docstring: None, table: None, span: Span { start: 119, end: 132 }, position: LineCol { line: 9, col: 7 } }], examples: None, tags: [], span: Span { start: 55, end: 133 }, position: LineCol { line: 6, col: 5 } }], rules: [], tags: [], span: Span { start: 0, end: 133 }, position: LineCol { line: 1, col: 1 }, path: Some("/Users/work/Work/cucumber-fork/tests/features/output/background_scenario.feature") }, Scenario(Scenario { keyword: "Scenario", name: "output", steps: [Step { keyword: "Given", ty: Given, value: "foo is 1", docstring: None, table: None, span: Span { start: 78, end: 92 }, position: LineCol { line: 7, col: 7 } }, Step { keyword: "When", ty: When, value: "foo is 2", docstring: None, table: None, span: Span { start: 99, end: 112 }, position: LineCol { line: 8, col: 7 } }, Step { keyword: "Then", ty: Then, value: "foo is 3", docstring: None, table: None, span: Span { start: 119, end: 132 }, position: LineCol { line: 9, col: 7 } }], examples: None, tags: [], span: Span { start: 55, end: 133 }, position: LineCol { line: 6, col: 5 } }, Step(Step { keyword: "Given", ty: Given, value: "foo is 1", docstring: None, table: None, span: Span { start: 78, end: 92 }, position: LineCol { line: 7, col: 7 } }, Started)))
Feature(Feature { keyword: "Feature", name: "output", description: None, background: Some(Background { keyword: "Background", steps: [Step { keyword: "Given", ty: Given, value: "foo is 0", docstring: None, table: None, span: Span { start: 35, end: 49 }, position: LineCol { line: 4, col: 5 } }], span: Span { start: 19, end: 55 }, position: LineCol { line: 3, col: 3 } }), scenarios: [Scenario { keyword: "Scenario", name: "output", steps: [Step { keyword: "Given", ty: Given, value: "foo is 1", docstring: None, table: None, span: Span { start: 78, end: 92 }, position: LineCol { line: 7, col: 7 } }, Step { keyword: "When", ty: When, value: "foo is 2", docstring: None, table: None, span: Span { start: 99, end: 112 }, position: LineCol { line: 8, col: 7 } }, Step { keyword: "Then", ty: Then, value: "foo is 3", docstring: None, table: None, span: Span { start: 119, end: 132 }, position: LineCol { line: 9, col: 7 } }], examples: None, tags: [], span: Span { start: 55, end: 133 }, position: LineCol { line: 6, col: 5 } }], rules: [], tags: [], span: Span { start: 0, end: 133 }, position: LineCol { line: 1, col: 1 }, path: Some("/Users/work/Work/cucumber-fork/tests/features/output/background_scenario.feature") }, Scenario(Scenario { keyword: "Scenario", name: "output", steps: [Step { keyword: "Given", ty: Given, value: "foo is 1", docstring: None, table: None, span: Span { start: 78, end: 92 }, position: LineCol { line: 7, col: 7 } }, Step { keyword: "When", ty: When, value: "foo is 2", docstring: None, table: None, span: Span { start: 99, end: 112 }, position: LineCol { line: 8, col: 7 } }, Step { keyword: "Then", ty: Then, value: "foo is 3", docstring: None, table: None, span: Span { start: 119, end: 132 }, position: LineCol { line: 9, col: 7 } }], examples: None, tags: [], span: Span { start: 55, end: 133 }, position: LineCol { line: 6, col: 5 } }, Step(Step { keyword: "Given", ty: Given, value: "foo is 1", docstring: None, table: None, span: Span { start: 78, end: 92 }, position: LineCol { line: 7, col: 7 } }, Passed)))
Feature(Feature { keyword: "Feature", name: "output", description: None, background: Some(Background { keyword: "Background", steps: [Step { keyword: "Given", ty: Given, value: "foo is 0", docstring: None, table: None, span: Span { start: 35, end: 49 }, position: LineCol { line: 4, col: 5 } }], span: Span { start: 19, end: 55 }, position: LineCol { line: 3, col: 3 } }), scenarios: [Scenario { keyword: "Scenario", name: "output", steps: [Step { keyword: "Given", ty: Given, value: "foo is 1", docstring: None, table: None, span: Span { start: 78, end: 92 }, position: LineCol { line: 7, col: 7 } }, Step { keyword: "When", ty: When, value: "foo is 2", docstring: None, table: None, span: Span { start: 99, end: 112 }, position: LineCol { line: 8, col: 7 } }, Step { keyword: "Then", ty: Then, value: "foo is 3", docstring: None, table: None, span: Span { start: 119, end: 132 }, position: LineCol { line: 9, col: 7 } }], examples: None, tags: [], span: Span { start: 55, end: 133 }, position: LineCol { line: 6, col: 5 } }], rules: [], tags: [], span: Span { start: 0, end: 133 }, position: LineCol { line: 1, col: 1 }, path: Some("/Users/work/Work/cucumber-fork/tests/features/output/background_scenario.feature") }, Scenario(Scenario { keyword: "Scenario", name: "output", steps: [Step { keyword: "Given", ty: Given, value: "foo is 1", docstring: None, table: None, span: Span { start: 78, end: 92 }, position: LineCol { line: 7, col: 7 } }, Step { keyword: "When", ty: When, value: "foo is 2", docstring: None, table: None, span: Span { start: 99, end: 112 }, position: LineCol { line: 8, col: 7 } }, Step { keyword: "Then", ty: Then, value: "foo is 3", docstring: None, table: None, span: Span { start: 119, end: 132 }, position: LineCol { line: 9, col: 7 } }], examples: None, tags: [], span: Span { start: 55, end: 133 }, position: LineCol { line: 6, col: 5 } }, Step(Step { keyword: "When", ty: When, value: "foo is 2", docstring: None, table: None, span: Span { start: 99, end: 112 }, position: LineCol { line: 8, col: 7 } }, Started)))
Feature(Feature { keyword: "Feature", name: "output", description: None, background: Some(Background { keyword: "Background", steps: [Step { keyword: "Given", ty: Given, value: "foo is 0", docstring: None, table: None, span: Span { start: 35, end: 49 }, position: LineCol { line: 4, col: 5 } }], span: Span { start: 19, end: 55 }, position: LineCol { line: 3, col: 3 } }), scenarios: [Scenario { keyword: "Scenario", name: "output", steps: [Step { keyword: "Given", ty: Given, value: "foo is 1", docstring: None, table: None, span: Span { start: 78, end: 92 }, position: LineCol { line: 7, col: 7 } }, Step { keyword: "When", ty: When, value: "foo is 2", docstring: None, table: None, span: Span { start: 99, end: 112 }, position: LineCol { line: 8, col: 7 } }, Step { keyword: "Then", ty: Then, value: "foo is 3", docstring: None, table: None, span: Span { start: 119, end: 132 }, position: LineCol { line: 9, col: 7 } }], examples: None, tags: [], span: Span { start: 55, end: 133 }, position: LineCol { line: 6, col: 5 } }], rules: [], tags: [], span: Span { start: 0, end: 133 }, position: LineCol { line: 1, col: 1 }, path: Some("/Users/work/Work/cucumber-fork/tests/features/output/background_scenario.feature") }, Scenario(Scenario { keyword: "Scenario", name: "output", steps: [Step { keyword: "Given", ty: Given, value: "foo is 1", docstring: None, table: None, span: Span { start: 78, end: 92 }, position: LineCol { line: 7, col: 7 } }, Step { keyword: "When", ty: When, value: "foo is 2", docstring: None, table: None, span: Span { start: 99, end: 112 }, position: LineCol { line: 8, col: 7 } }, Step { keyword: "Then", ty: Then, value: "foo is 3", docstring: None, table: None, span: Span { start: 119, end: 132 }, position: LineCol { line: 9, col: 7 } }], examples: None, tags: [], span: Span { start: 55, end: 133 }, position: LineCol { line: 6, col: 5 } }, Step(Step { keyword: "When", ty: When, value: "foo is 2", docstring: None, table: None, span: Span { start: 99, end: 112 }, position: LineCol { line: 8, col: 7 } }, Passed)))
Feature(Feature { keyword: "Feature", name: "output", description: None, background: Some(Background { keyword: "Background", steps: [Step { keyword: "Given", ty: Given, value: "foo is 0", docstring: None, table: None, span: Span { start: 35, end: 49 }, position: LineCol { line: 4, col: 5 } }], span: Span { start: 19, end: 55 }, position: LineCol { line: 3, col: 3 } }), scenarios: [Scenario { keyword: "Scenario", name: "output", steps: [Step { keyword: "Given", ty: Given, value: "foo is 1", docstring: None, table: None, span: Span { start: 78, end: 92 }, position: LineCol { line: 7, col: 7 } }, Step { keyword: "When", ty: When, value: "foo is 2", docstring: None, table: None, span: Span { start: 99, end: 112 }, position: LineCol { line: 8, col: 7 } }, Step { keyword: "Then", ty: Then, value: "foo is 3", docstring: None, table: None, span: Span { start: 119, end: 132 }, position: LineCol { line: 9, col: 7 } }], examples: None, tags: [], span: Span { start: 55, end: 133 }, position: LineCol { line: 6, col: 5 } }], rules: [], tags: [], span: Span { start: 0, end: 133 }, position: LineCol { line: 1, col: 1 }, path: Some("/Users/work/Work/cucumber-fork/tests/features/output/background_scenario.feature") }, Scenario(Scenario { keyword: "Scenario", name: "output", steps: [Step { keyword: "Given", ty: Given, value: "foo is 1", docstring: None, table: None, span: Span { start: 78, end: 92 }, position: LineCol { line: 7, col: 7 } }, Step { keyword: "When", ty: When, value: "foo is 2", docstring: None, table: None, span: Span { start: 99, end: 112 }, position: LineCol { line: 8, col: 7 } }, Step { keyword: "Then", ty: Then, value: "foo is 3", docstring: None, table: None, span: Span { start: 119, end: 132 }, position: LineCol { line: 9, col: 7 } }], examples: None, tags: [], span: Span { start: 55, end: 133 }, position: LineCol { line: 6, col: 5 } }, Step(Step { keyword: "Then", ty: Then, value: "foo is 3", docstring: None, table: None, span: Span { start: 119, end: 132 }, position: LineCol { line: 9, col: 7 } }, Started)))
Feature(Feature { keyword: "Feature", name: "output", description: None, background: Some(Background { keyword: "Background", steps: [Step { keyword: "Given", ty: Given, value: "foo is 0", docstring: None, table: None, span: Span { start: 35, end: 49 }, position: LineCol { line: 4, col: 5 } }], span: Span { start: 19, end: 55 }, position: LineCol { line: 3, col: 3 } }), scenarios: [Scenario { keyword: "Scenario", name: "output", steps: [Step { keyword: "Given", ty: Given, value: "foo is 1", docstring: None, table: None, span: Span { start: 78, end: 92 }, position: LineCol { line: 7, col: 7 } }, Step { keyword: "When", ty: When, value: "foo is 2", docstring: None, table: None, span: Span { start: 99, end: 112 }, position: LineCol { line: 8, col: 7 } }, Step { keyword: "Then", ty: Then, value: "foo is 3", docstring: None, table: None, span: Span { start: 119, end: 132 }, position: LineCol { line: 9, col: 7 } }], examples: None, tags: [], span: Span { start: 55, end: 133 }, position: LineCol { line: 6, col: 5 } }], rules: [], tags: [], span: Span { start: 0, end: 133 }, position: LineCol { line: 1, col: 1 }, path: Some("/Users/work/Work/cucumber-fork/tests/features/output/background_scenario.feature") }, Scenario(Scenario { keyword: "Scenario", name: "output", steps: [Step { keyword: "Given", ty: Given, value: "foo is 1", docstring: None, table: None, span: Span { start: 78, end: 92 }, position: LineCol { line: 7, col: 7 } }, Step { keyword: "When", ty: When, value: "foo is 2", docstring: None, table: None, span: Span { start: 99, end: 112 }, position: LineCol { line: 8, col: 7 } }, Step { keyword: "Then", ty: Then, value: "foo is 3", docstring: None, table: None, span: Span { start: 119, end: 132 }, position: LineCol { line: 9, col: 7 } }], examples: None, tags: [], span: Span { start: 55, end: 133 }, position: LineCol { line: 6, col: 5 } }, Step(Step { keyword: "Then", ty: Then, value: "foo is 3", docstring: None, table: None, span: Span { start: 119, end: 132 }, position: LineCol { line: 9, col: 7 } }, Passed)))
Feature(Feature { keyword: "Feature", name: "output", description: None, background: Some(Background { keyword: "Background", steps: [Step { keyword: "Given", ty: Given, value: "foo is 0", docstring: None, table: None, span: Span { start: 35, end: 49 }, position: LineCol { line: 4, col: 5 } }], span: Span { start: 19, end: 55 }, position: LineCol { line: 3, col: 3 } }), scenarios: [Scenario { keyword: "Scenario", name: "output", steps: [Step { keyword: "Given", ty: Given, value: "foo is 1", docstring: None, table: None, span: Span { start: 78, end: 92 }, position: LineCol { line: 7, col: 7 } }, Step { keyword: "When", ty: When, value: "foo is 2", docstring: None, table: None, span: Span { start: 99, end: 112 }, position: LineCol { line: 8, col: 7 } }, Step { keyword: "Then", ty: Then, value: "foo is 3", docstring: None, table: None, span: Span { start: 119, end: 132 }, position: LineCol { line: 9, col: 7 } }], examples: None, tags: [], span: Span { start: 55, end: 133 }, position: LineCol { line: 6, col: 5 } }], rules: [], tags: [], span: Span { start: 0, end: 133 }, position: LineCol { line: 1, col: 1 }, path: Some("/Users/work/Work/cucumber-fork/tests/features/output/background_scenario.feature") }, Scenario(Scenario { keyword: "Scenario", name: "output", steps: [Step { keyword: "Given", ty: Given, value: "foo is 1", docstring: None, table: None, span: Span { start: 78, end: 92 }, position: LineCol { line: 7, col: 7 } }, Step { keyword: "When", ty: When, value: "foo is 2", docstring: None, table: None, span: Span { start: 99, end: 112 }, position: LineCol { line: 8, col: 7 } }, Step { keyword: "Then", ty: Then, value: "foo is 3", docstring: None, table: None, span: Span { start: 119, end: 132 }, position: LineCol { line: 9, col: 7 } }], examples: None, tags: [], span: Span { start: 55, end: 133 }, position: LineCol { line: 6, col: 5 } }, Finished))
Feature(Feature { keyword: "Feature", name: "output", description: None, background: Some(Background { keyword: "Background", steps: [Step { keyword: "Given", ty: Given, value: "foo is 0", docstring: None, table: None, span: Span { start: 35, end: 49 }, position: LineCol { line: 4, col: 5 } }], span: Span { start: 19, end: 55 }, position: LineCol { line: 3, col: 3 } }), scenarios: [Scenario { keyword: "Scenario", name: "output", steps: [Step { keyword: "Given", ty: Given, value: "foo is 1", docstring: None, table: None, span: Span { start: 78, end: 92 }, position: LineCol { line: 7, col: 7 } }, Step { keyword: "When", ty: When, value: "foo is 2", docstring: None, table: None, span: Span { start: 99, end: 112 }, position: LineCol { line: 8, col: 7 } }, Step { keyword: "Then", ty: Then, value: "foo is 3", docstring: None, table: None, span: Span { start: 119, end: 132 }, position: LineCol { line: 9, col: 7 } }], examples: None, tags: [], span: Span { start: 55, end: 133 }, position: LineCol { line: 6, col: 5 } }], rules: [], tags: [], span: Span { start: 0, end: 133 }, position: LineCol { line: 1, col: 1 }, path: Some("/Users/work/Work/cucumber-fork/tests/features/output/background_scenario.feature") }, Finished)
Finished
