Failed to parse: Failed to parse feature: Could not parse feature file: /Users/mihailbasilov/projects/cucumber/tests/features/output/parsing_failed.feature
