[31mFailed to parse: Failed to parse feature: Could not parse feature file: /home/runner/work/cucumber/cucumber/tests/features/output/parsing_failed.feature[0m
