StartedFeature(Feature { keyword: "Feature", name: "Outline", description: None, background: None, scenarios: [Scenario { keyword: "Scenario Outline", name: "foo", steps: [Step { keyword: "Given", ty: Given, value: "foo is 0", docstring: None, table: None, span: Span { start: 46, end: 65 }, position: LineCol { line: 4, col: 5 } }, Step { keyword: "When", ty: When, value: "foo is 1", docstring: None, table: None, span: Span { start: 70, end: 88 }, position: LineCol { line: 5, col: 5 } }, Step { keyword: "Then", ty: Then, value: "foo is 2", docstring: None, table: None, span: Span { start: 93, end: 111 }, position: LineCol { line: 6, col: 5 } }], examples: Some(Examples { keyword: "Examples", table: Table { rows: [["bar1", "bar2", "bar3"], ["0", "1", "2"]], span: Span { start: 133, end: 185 }, position: LineCol { line: 9, col: 7 } }, tags: [], span: Span { start: 117, end: 185 }, position: LineCol { line: 8, col: 5 } }), tags: [], span: Span { start: 20, end: 185 }, position: LineCol { line: 9, col: 5 } }], rules: [], tags: [], span: Span { start: 0, end: 185 }, position: LineCol { line: 1, col: 1 }, path: Some("/Users/work/Work/cucumber-fork/tests/features/output/scenario_outline.feature") }, Started)
Feature(Feature { keyword: "Feature", name: "Outline", description: None, background: None, scenarios: [Scenario { keyword: "Scenario Outline", name: "foo", steps: [Step { keyword: "Given", ty: Given, value: "foo is 0", docstring: None, table: None, span: Span { start: 46, end: 65 }, position: LineCol { line: 4, col: 5 } }, Step { keyword: "When", ty: When, value: "foo is 1", docstring: None, table: None, span: Span { start: 70, end: 88 }, position: LineCol { line: 5, col: 5 } }, Step { keyword: "Then", ty: Then, value: "foo is 2", docstring: None, table: None, span: Span { start: 93, end: 111 }, position: LineCol { line: 6, col: 5 } }], examples: Some(Examples { keyword: "Examples", table: Table { rows: [["bar1", "bar2", "bar3"], ["0", "1", "2"]], span: Span { start: 133, end: 185 }, position: LineCol { line: 9, col: 7 } }, tags: [], span: Span { start: 117, end: 185 }, position: LineCol { line: 8, col: 5 } }), tags: [], span: Span { start: 20, end: 185 }, position: LineCol { line: 9, col: 5 } }], rules: [], tags: [], span: Span { start: 0, end: 185 }, position: LineCol { line: 1, col: 1 }, path: Some("/Users/work/Work/cucumber-fork/tests/features/output/scenario_outline.feature") }, Scenario(Scenario { keyword: "Scenario Outline", name: "foo", steps: [Step { keyword: "Given", ty: Given, value: "foo is 0", docstring: None, table: None, span: Span { start: 46, end: 65 }, position: LineCol { line: 4, col: 5 } }, Step { keyword: "When", ty: When, value: "foo is 1", docstring: None, table: None, span: Span { start: 70, end: 88 }, position: LineCol { line: 5, col: 5 } }, Step { keyword: "Then", ty: Then, value: "foo is 2", docstring: None, table: None, span: Span { start: 93, end: 111 }, position: LineCol { line: 6, col: 5 } }], examples: Some(Examples { keyword: "Examples", table: Table { rows: [["bar1", "bar2", "bar3"], ["0", "1", "2"]], span: Span { start: 133, end: 185 }, position: LineCol { line: 9, col: 7 } }, tags: [], span: Span { start: 117, end: 185 }, position: LineCol { line: 8, col: 5 } }), tags: [], span: Span { start: 20, end: 185 }, position: LineCol { line: 9, col: 5 } }, Started))
Feature(Feature { keyword: "Feature", name: "Outline", description: None, background: None, scenarios: [Scenario { keyword: "Scenario Outline", name: "foo", steps: [Step { keyword: "Given", ty: Given, value: "foo is 0", docstring: None, table: None, span: Span { start: 46, end: 65 }, position: LineCol { line: 4, col: 5 } }, Step { keyword: "When", ty: When, value: "foo is 1", docstring: None, table: None, span: Span { start: 70, end: 88 }, position: LineCol { line: 5, col: 5 } }, Step { keyword: "Then", ty: Then, value: "foo is 2", docstring: None, table: None, span: Span { start: 93, end: 111 }, position: LineCol { line: 6, col: 5 } }], examples: Some(Examples { keyword: "Examples", table: Table { rows: [["bar1", "bar2", "bar3"], ["0", "1", "2"]], span: Span { start: 133, end: 185 }, position: LineCol { line: 9, col: 7 } }, tags: [], span: Span { start: 117, end: 185 }, position: LineCol { line: 8, col: 5 } }), tags: [], span: Span { start: 20, end: 185 }, position: LineCol { line: 9, col: 5 } }], rules: [], tags: [], span: Span { start: 0, end: 185 }, position: LineCol { line: 1, col: 1 }, path: Some("/Users/work/Work/cucumber-fork/tests/features/output/scenario_outline.feature") }, Scenario(Scenario { keyword: "Scenario Outline", name: "foo", steps: [Step { keyword: "Given", ty: Given, value: "foo is 0", docstring: None, table: None, span: Span { start: 46, end: 65 }, position: LineCol { line: 4, col: 5 } }, Step { keyword: "When", ty: When, value: "foo is 1", docstring: None, table: None, span: Span { start: 70, end: 88 }, position: LineCol { line: 5, col: 5 } }, Step { keyword: "Then", ty: Then, value: "foo is 2", docstring: None, table: None, span: Span { start: 93, end: 111 }, position: LineCol { line: 6, col: 5 } }], examples: Some(Examples { keyword: "Examples", table: Table { rows: [["bar1", "bar2", "bar3"], ["0", "1", "2"]], span: Span { start: 133, end: 185 }, position: LineCol { line: 9, col: 7 } }, tags: [], span: Span { start: 117, end: 185 }, position: LineCol { line: 8, col: 5 } }), tags: [], span: Span { start: 20, end: 185 }, position: LineCol { line: 9, col: 5 } }, Step(Step { keyword: "Given", ty: Given, value: "foo is 0", docstring: None, table: None, span: Span { start: 46, end: 65 }, position: LineCol { line: 4, col: 5 } }, Started)))
Feature(Feature { keyword: "Feature", name: "Outline", description: None, background: None, scenarios: [Scenario { keyword: "Scenario Outline", name: "foo", steps: [Step { keyword: "Given", ty: Given, value: "foo is 0", docstring: None, table: None, span: Span { start: 46, end: 65 }, position: LineCol { line: 4, col: 5 } }, Step { keyword: "When", ty: When, value: "foo is 1", docstring: None, table: None, span: Span { start: 70, end: 88 }, position: LineCol { line: 5, col: 5 } }, Step { keyword: "Then", ty: Then, value: "foo is 2", docstring: None, table: None, span: Span { start: 93, end: 111 }, position: LineCol { line: 6, col: 5 } }], examples: Some(Examples { keyword: "Examples", table: Table { rows: [["bar1", "bar2", "bar3"], ["0", "1", "2"]], span: Span { start: 133, end: 185 }, position: LineCol { line: 9, col: 7 } }, tags: [], span: Span { start: 117, end: 185 }, position: LineCol { line: 8, col: 5 } }), tags: [], span: Span { start: 20, end: 185 }, position: LineCol { line: 9, col: 5 } }], rules: [], tags: [], span: Span { start: 0, end: 185 }, position: LineCol { line: 1, col: 1 }, path: Some("/Users/work/Work/cucumber-fork/tests/features/output/scenario_outline.feature") }, Scenario(Scenario { keyword: "Scenario Outline", name: "foo", steps: [Step { keyword: "Given", ty: Given, value: "foo is 0", docstring: None, table: None, span: Span { start: 46, end: 65 }, position: LineCol { line: 4, col: 5 } }, Step { keyword: "When", ty: When, value: "foo is 1", docstring: None, table: None, span: Span { start: 70, end: 88 }, position: LineCol { line: 5, col: 5 } }, Step { keyword: "Then", ty: Then, value: "foo is 2", docstring: None, table: None, span: Span { start: 93, end: 111 }, position: LineCol { line: 6, col: 5 } }], examples: Some(Examples { keyword: "Examples", table: Table { rows: [["bar1", "bar2", "bar3"], ["0", "1", "2"]], span: Span { start: 133, end: 185 }, position: LineCol { line: 9, col: 7 } }, tags: [], span: Span { start: 117, end: 185 }, position: LineCol { line: 8, col: 5 } }), tags: [], span: Span { start: 20, end: 185 }, position: LineCol { line: 9, col: 5 } }, Step(Step { keyword: "Given", ty: Given, value: "foo is 0", docstring: None, table: None, span: Span { start: 46, end: 65 }, position: LineCol { line: 4, col: 5 } }, Passed)))
Feature(Feature { keyword: "Feature", name: "Outline", description: None, background: None, scenarios: [Scenario { keyword: "Scenario Outline", name: "foo", steps: [Step { keyword: "Given", ty: Given, value: "foo is 0", docstring: None, table: None, span: Span { start: 46, end: 65 }, position: LineCol { line: 4, col: 5 } }, Step { keyword: "When", ty: When, value: "foo is 1", docstring: None, table: None, span: Span { start: 70, end: 88 }, position: LineCol { line: 5, col: 5 } }, Step { keyword: "Then", ty: Then, value: "foo is 2", docstring: None, table: None, span: Span { start: 93, end: 111 }, position: LineCol { line: 6, col: 5 } }], examples: Some(Examples { keyword: "Examples", table: Table { rows: [["bar1", "bar2", "bar3"], ["0", "1", "2"]], span: Span { start: 133, end: 185 }, position: LineCol { line: 9, col: 7 } }, tags: [], span: Span { start: 117, end: 185 }, position: LineCol { line: 8, col: 5 } }), tags: [], span: Span { start: 20, end: 185 }, position: LineCol { line: 9, col: 5 } }], rules: [], tags: [], span: Span { start: 0, end: 185 }, position: LineCol { line: 1, col: 1 }, path: Some("/Users/work/Work/cucumber-fork/tests/features/output/scenario_outline.feature") }, Scenario(Scenario { keyword: "Scenario Outline", name: "foo", steps: [Step { keyword: "Given", ty: Given, value: "foo is 0", docstring: None, table: None, span: Span { start: 46, end: 65 }, position: LineCol { line: 4, col: 5 } }, Step { keyword: "When", ty: When, value: "foo is 1", docstring: None, table: None, span: Span { start: 70, end: 88 }, position: LineCol { line: 5, col: 5 } }, Step { keyword: "Then", ty: Then, value: "foo is 2", docstring: None, table: None, span: Span { start: 93, end: 111 }, position: LineCol { line: 6, col: 5 } }], examples: Some(Examples { keyword: "Examples", table: Table { rows: [["bar1", "bar2", "bar3"], ["0", "1", "2"]], span: Span { start: 133, end: 185 }, position: LineCol { line: 9, col: 7 } }, tags: [], span: Span { start: 117, end: 185 }, position: LineCol { line: 8, col: 5 } }), tags: [], span: Span { start: 20, end: 185 }, position: LineCol { line: 9, col: 5 } }, Step(Step { keyword: "When", ty: When, value: "foo is 1", docstring: None, table: None, span: Span { start: 70, end: 88 }, position: LineCol { line: 5, col: 5 } }, Started)))
Feature(Feature { keyword: "Feature", name: "Outline", description: None, background: None, scenarios: [Scenario { keyword: "Scenario Outline", name: "foo", steps: [Step { keyword: "Given", ty: Given, value: "foo is 0", docstring: None, table: None, span: Span { start: 46, end: 65 }, position: LineCol { line: 4, col: 5 } }, Step { keyword: "When", ty: When, value: "foo is 1", docstring: None, table: None, span: Span { start: 70, end: 88 }, position: LineCol { line: 5, col: 5 } }, Step { keyword: "Then", ty: Then, value: "foo is 2", docstring: None, table: None, span: Span { start: 93, end: 111 }, position: LineCol { line: 6, col: 5 } }], examples: Some(Examples { keyword: "Examples", table: Table { rows: [["bar1", "bar2", "bar3"], ["0", "1", "2"]], span: Span { start: 133, end: 185 }, position: LineCol { line: 9, col: 7 } }, tags: [], span: Span { start: 117, end: 185 }, position: LineCol { line: 8, col: 5 } }), tags: [], span: Span { start: 20, end: 185 }, position: LineCol { line: 9, col: 5 } }], rules: [], tags: [], span: Span { start: 0, end: 185 }, position: LineCol { line: 1, col: 1 }, path: Some("/Users/work/Work/cucumber-fork/tests/features/output/scenario_outline.feature") }, Scenario(Scenario { keyword: "Scenario Outline", name: "foo", steps: [Step { keyword: "Given", ty: Given, value: "foo is 0", docstring: None, table: None, span: Span { start: 46, end: 65 }, position: LineCol { line: 4, col: 5 } }, Step { keyword: "When", ty: When, value: "foo is 1", docstring: None, table: None, span: Span { start: 70, end: 88 }, position: LineCol { line: 5, col: 5 } }, Step { keyword: "Then", ty: Then, value: "foo is 2", docstring: None, table: None, span: Span { start: 93, end: 111 }, position: LineCol { line: 6, col: 5 } }], examples: Some(Examples { keyword: "Examples", table: Table { rows: [["bar1", "bar2", "bar3"], ["0", "1", "2"]], span: Span { start: 133, end: 185 }, position: LineCol { line: 9, col: 7 } }, tags: [], span: Span { start: 117, end: 185 }, position: LineCol { line: 8, col: 5 } }), tags: [], span: Span { start: 20, end: 185 }, position: LineCol { line: 9, col: 5 } }, Step(Step { keyword: "When", ty: When, value: "foo is 1", docstring: None, table: None, span: Span { start: 70, end: 88 }, position: LineCol { line: 5, col: 5 } }, Passed)))
Feature(Feature { keyword: "Feature", name: "Outline", description: None, background: None, scenarios: [Scenario { keyword: "Scenario Outline", name: "foo", steps: [Step { keyword: "Given", ty: Given, value: "foo is 0", docstring: None, table: None, span: Span { start: 46, end: 65 }, position: LineCol { line: 4, col: 5 } }, Step { keyword: "When", ty: When, value: "foo is 1", docstring: None, table: None, span: Span { start: 70, end: 88 }, position: LineCol { line: 5, col: 5 } }, Step { keyword: "Then", ty: Then, value: "foo is 2", docstring: None, table: None, span: Span { start: 93, end: 111 }, position: LineCol { line: 6, col: 5 } }], examples: Some(Examples { keyword: "Examples", table: Table { rows: [["bar1", "bar2", "bar3"], ["0", "1", "2"]], span: Span { start: 133, end: 185 }, position: LineCol { line: 9, col: 7 } }, tags: [], span: Span { start: 117, end: 185 }, position: LineCol { line: 8, col: 5 } }), tags: [], span: Span { start: 20, end: 185 }, position: LineCol { line: 9, col: 5 } }], rules: [], tags: [], span: Span { start: 0, end: 185 }, position: LineCol { line: 1, col: 1 }, path: Some("/Users/work/Work/cucumber-fork/tests/features/output/scenario_outline.feature") }, Scenario(Scenario { keyword: "Scenario Outline", name: "foo", steps: [Step { keyword: "Given", ty: Given, value: "foo is 0", docstring: None, table: None, span: Span { start: 46, end: 65 }, position: LineCol { line: 4, col: 5 } }, Step { keyword: "When", ty: When, value: "foo is 1", docstring: None, table: None, span: Span { start: 70, end: 88 }, position: LineCol { line: 5, col: 5 } }, Step { keyword: "Then", ty: Then, value: "foo is 2", docstring: None, table: None, span: Span { start: 93, end: 111 }, position: LineCol { line: 6, col: 5 } }], examples: Some(Examples { keyword: "Examples", table: Table { rows: [["bar1", "bar2", "bar3"], ["0", "1", "2"]], span: Span { start: 133, end: 185 }, position: LineCol { line: 9, col: 7 } }, tags: [], span: Span { start: 117, end: 185 }, position: LineCol { line: 8, col: 5 } }), tags: [], span: Span { start: 20, end: 185 }, position: LineCol { line: 9, col: 5 } }, Step(Step { keyword: "Then", ty: Then, value: "foo is 2", docstring: None, table: None, span: Span { start: 93, end: 111 }, position: LineCol { line: 6, col: 5 } }, Started)))
Feature(Feature { keyword: "Feature", name: "Outline", description: None, background: None, scenarios: [Scenario { keyword: "Scenario Outline", name: "foo", steps: [Step { keyword: "Given", ty: Given, value: "foo is 0", docstring: None, table: None, span: Span { start: 46, end: 65 }, position: LineCol { line: 4, col: 5 } }, Step { keyword: "When", ty: When, value: "foo is 1", docstring: None, table: None, span: Span { start: 70, end: 88 }, position: LineCol { line: 5, col: 5 } }, Step { keyword: "Then", ty: Then, value: "foo is 2", docstring: None, table: None, span: Span { start: 93, end: 111 }, position: LineCol { line: 6, col: 5 } }], examples: Some(Examples { keyword: "Examples", table: Table { rows: [["bar1", "bar2", "bar3"], ["0", "1", "2"]], span: Span { start: 133, end: 185 }, position: LineCol { line: 9, col: 7 } }, tags: [], span: Span { start: 117, end: 185 }, position: LineCol { line: 8, col: 5 } }), tags: [], span: Span { start: 20, end: 185 }, position: LineCol { line: 9, col: 5 } }], rules: [], tags: [], span: Span { start: 0, end: 185 }, position: LineCol { line: 1, col: 1 }, path: Some("/Users/work/Work/cucumber-fork/tests/features/output/scenario_outline.feature") }, Scenario(Scenario { keyword: "Scenario Outline", name: "foo", steps: [Step { keyword: "Given", ty: Given, value: "foo is 0", docstring: None, table: None, span: Span { start: 46, end: 65 }, position: LineCol { line: 4, col: 5 } }, Step { keyword: "When", ty: When, value: "foo is 1", docstring: None, table: None, span: Span { start: 70, end: 88 }, position: LineCol { line: 5, col: 5 } }, Step { keyword: "Then", ty: Then, value: "foo is 2", docstring: None, table: None, span: Span { start: 93, end: 111 }, position: LineCol { line: 6, col: 5 } }], examples: Some(Examples { keyword: "Examples", table: Table { rows: [["bar1", "bar2", "bar3"], ["0", "1", "2"]], span: Span { start: 133, end: 185 }, position: LineCol { line: 9, col: 7 } }, tags: [], span: Span { start: 117, end: 185 }, position: LineCol { line: 8, col: 5 } }), tags: [], span: Span { start: 20, end: 185 }, position: LineCol { line: 9, col: 5 } }, Step(Step { keyword: "Then", ty: Then, value: "foo is 2", docstring: None, table: None, span: Span { start: 93, end: 111 }, position: LineCol { line: 6, col: 5 } }, Passed)))
Feature(Feature { keyword: "Feature", name: "Outline", description: None, background: None, scenarios: [Scenario { keyword: "Scenario Outline", name: "foo", steps: [Step { keyword: "Given", ty: Given, value: "foo is 0", docstring: None, table: None, span: Span { start: 46, end: 65 }, position: LineCol { line: 4, col: 5 } }, Step { keyword: "When", ty: When, value: "foo is 1", docstring: None, table: None, span: Span { start: 70, end: 88 }, position: LineCol { line: 5, col: 5 } }, Step { keyword: "Then", ty: Then, value: "foo is 2", docstring: None, table: None, span: Span { start: 93, end: 111 }, position: LineCol { line: 6, col: 5 } }], examples: Some(Examples { keyword: "Examples", table: Table { rows: [["bar1", "bar2", "bar3"], ["0", "1", "2"]], span: Span { start: 133, end: 185 }, position: LineCol { line: 9, col: 7 } }, tags: [], span: Span { start: 117, end: 185 }, position: LineCol { line: 8, col: 5 } }), tags: [], span: Span { start: 20, end: 185 }, position: LineCol { line: 9, col: 5 } }], rules: [], tags: [], span: Span { start: 0, end: 185 }, position: LineCol { line: 1, col: 1 }, path: Some("/Users/work/Work/cucumber-fork/tests/features/output/scenario_outline.feature") }, Scenario(Scenario { keyword: "Scenario Outline", name: "foo", steps: [Step { keyword: "Given", ty: Given, value: "foo is 0", docstring: None, table: None, span: Span { start: 46, end: 65 }, position: LineCol { line: 4, col: 5 } }, Step { keyword: "When", ty: When, value: "foo is 1", docstring: None, table: None, span: Span { start: 70, end: 88 }, position: LineCol { line: 5, col: 5 } }, Step { keyword: "Then", ty: Then, value: "foo is 2", docstring: None, table: None, span: Span { start: 93, end: 111 }, position: LineCol { line: 6, col: 5 } }], examples: Some(Examples { keyword: "Examples", table: Table { rows: [["bar1", "bar2", "bar3"], ["0", "1", "2"]], span: Span { start: 133, end: 185 }, position: LineCol { line: 9, col: 7 } }, tags: [], span: Span { start: 117, end: 185 }, position: LineCol { line: 8, col: 5 } }), tags: [], span: Span { start: 20, end: 185 }, position: LineCol { line: 9, col: 5 } }, Finished))
Feature(Feature { keyword: "Feature", name: "Outline", description: None, background: None, scenarios: [Scenario { keyword: "Scenario Outline", name: "foo", steps: [Step { keyword: "Given", ty: Given, value: "foo is 0", docstring: None, table: None, span: Span { start: 46, end: 65 }, position: LineCol { line: 4, col: 5 } }, Step { keyword: "When", ty: When, value: "foo is 1", docstring: None, table: None, span: Span { start: 70, end: 88 }, position: LineCol { line: 5, col: 5 } }, Step { keyword: "Then", ty: Then, value: "foo is 2", docstring: None, table: None, span: Span { start: 93, end: 111 }, position: LineCol { line: 6, col: 5 } }], examples: Some(Examples { keyword: "Examples", table: Table { rows: [["bar1", "bar2", "bar3"], ["0", "1", "2"]], span: Span { start: 133, end: 185 }, position: LineCol { line: 9, col: 7 } }, tags: [], span: Span { start: 117, end: 185 }, position: LineCol { line: 8, col: 5 } }), tags: [], span: Span { start: 20, end: 185 }, position: LineCol { line: 9, col: 5 } }], rules: [], tags: [], span: Span { start: 0, end: 185 }, position: LineCol { line: 1, col: 1 }, path: Some("/Users/work/Work/cucumber-fork/tests/features/output/scenario_outline.feature") }, Finished)
Finished
